core 1, expected freq 2400000 kHz, CNTFRQ 54000000 Hz, 30 reps
JIT self-test passed: generated code (branches, calls, indirect jumps) executes correctly

== 4.1 BTB: cycles per taken direct branch (ring of N branches, spacing S bytes)
  S=  4: N=1:1.00 N=4:1.83 N=16:1.67 N=64:2.00 N=256:5.26 N=1024:5.39 N=2048:5.40 N=4096:5.42 N=8192:5.44 N=16384:5.72 N=32768:10.91 N=65536:13.63
  S=  8: N=1:1.00 N=4:1.00 N=16:1.67 N=64:2.00 N=256:2.75 N=1024:2.75 N=2048:2.76 N=4096:2.76 N=8192:4.01 N=16384:10.69 N=32768:13.36 N=65536:20.93
  S= 16: N=1:1.00 N=4:1.00 N=16:1.68 N=64:2.00 N=256:2.50 N=1024:2.50 N=2048:2.51 N=4096:2.52 N=8192:7.97 N=16384:13.19 N=32768:23.25 N=65536:37.22
  S= 32: N=1:1.00 N=4:1.00 N=16:1.67 N=64:2.00 N=256:2.03 N=1024:2.01 N=2048:2.03 N=4096:4.81 N=8192:9.61 N=16384:21.79 N=32768:38.03 N=65536:54.84
  S= 64: N=1:1.00 N=4:1.00 N=16:1.67 N=64:2.00 N=256:2.04 N=1024:2.05 N=2048:6.04 N=4096:9.70 N=8192:23.04 N=16384:39.31 N=32768:61.34 N=65536:163.51
  S=256: N=1:1.00 N=4:1.00 N=16:1.67 N=64:2.00 N=256:2.57 N=1024:13.38 N=2048:29.63 N=4096:45.09 N=8192:57.55 N=16384:170.75 N=32768:226.64

== 4.2 conditional predictor: mispredictions per branch vs pattern period P (random pattern, repeated)
  P=1:0.000  P=2:0.000  P=3:0.000  P=4:0.000  P=6:0.000  P=8:0.000  P=12:0.000  P=16:0.000  P=24:0.000  P=32:0.000  P=48:0.000  P=64:0.000  P=96:0.000  P=128:0.000  P=192:0.000  P=256:0.000  P=384:0.007  P=512:0.012  P=768:0.017  P=1024:0.036  P=1536:0.056  P=2048:0.053  P=3072:0.072  P=4096:0.232  P=6144:0.325  P=8192:0.380  P=12288:0.427  P=16384:0.458  P=32768:0.479  P=65536:0.490

== 4.3 history length: final-branch misprediction rate (= mispredictions per iteration - 0.5) vs distance K to the correlated branch
  taken   : K=1:0.00 K=2:0.00 K=3:-0.00 K=4:0.00 K=6:-0.00 K=8:0.00 K=12:-0.00 K=16:0.00 K=24:0.00 K=32:0.00 K=48:0.00 K=64:0.00 K=96:0.00 K=128:0.00 K=192:0.00 K=256:0.00 K=384:0.00 K=512:0.00 K=768:0.01 K=1024:0.01 K=1536:0.01 K=2048:0.02 K=2304:0.52 K=2560:0.53 K=2816:0.54 K=3072:0.54 K=4096:0.58 K=6144:45.28
  nottaken: K=1:0.00 K=2:0.01 K=3:0.17 K=4:0.04 K=6:0.01 K=8:0.07 K=12:0.14 K=16:0.02 K=24:0.01 K=32:0.03 K=48:0.01 K=64:0.03 K=96:0.03 K=128:0.03 K=192:0.02 K=256:0.03 K=384:0.03 K=512:0.02 K=768:0.02 K=1024:0.02 K=1536:0.02 K=2048:0.02 K=2304:0.02 K=2560:0.02 K=2816:0.02 K=3072:0.02 K=4096:0.02 K=6144:0.03
  control : K=1:0.50 K=2:0.50 K=3:0.50 K=4:0.50 K=6:0.50 K=8:0.50 K=12:0.50 K=16:0.50 K=24:0.50 K=32:0.50 K=48:0.50 K=64:0.50 K=96:0.50 K=128:0.50 K=192:0.50 K=256:0.50 K=384:0.50 K=512:0.50 K=768:0.51 K=1024:0.50 K=1536:0.51 K=2048:0.52 K=2304:0.52 K=2560:0.53 K=2816:0.54 K=3072:0.54 K=4096:0.57 K=6144:49.17

== 4.4 number of static conditional branches (periodic outcomes): mispredictions per branch
  spacing  4 B: N=1:0.000 N=2:0.000 N=4:0.156 N=8:0.116 N=16:0.218 N=32:0.271 N=64:0.295 N=128:0.301 N=256:0.321 N=512:0.324 N=768:0.324 N=1024:0.321 N=1536:0.324 N=2048:0.325 N=3072:0.337 N=4096:0.374 N=6144:0.439 N=8192:0.466 N=12288:0.476 N=16384:0.477
  spacing 16 B: N=1:0.000 N=2:0.000 N=4:0.000 N=8:0.000 N=16:0.000 N=32:0.000 N=64:0.000 N=128:0.000 N=256:0.007 N=512:0.014 N=768:0.011 N=1024:0.041 N=1536:0.156 N=2048:0.281 N=3072:0.197 N=4096:0.208 N=6144:0.177 N=8192:0.306 N=12288:0.405 N=16384:0.466

== 4.5 indirect predictor: mispredictions per indirect branch, T targets visited round robin
  T=1:0.000  T=2:0.000  T=3:0.000  T=4:0.000  T=6:0.000  T=8:0.000  T=12:0.000  T=16:0.000  T=24:0.000  T=32:0.000  T=48:0.021  T=64:0.670  T=96:0.708  T=128:0.836  T=192:0.885  T=256:0.895  T=384:0.937  T=512:0.945  T=768:0.967  T=1024:0.974  T=2048:0.988
  16 targets, random sequence of period P:
  P=16:0.000  P=32:0.000  P=64:0.000  P=128:0.000  P=256:0.000  P=512:0.000  P=1024:0.002  P=2048:0.018  P=4096:0.388  P=8192:0.769  P=16384:0.910  P=32768:0.935

== 4.6 return stack: excess mispredictions per iteration over the 0.5*(D-1) of the random call-site branches / cycles per iteration
  chain       : D=1:+0.00/3c D=2:+0.00/5c D=3:+0.00/7c D=4:+0.00/9c D=5:+0.00/11c D=6:+0.00/13c D=7:+0.00/15c D=8:+0.00/24c D=9:+0.00/34c D=10:+0.00/39c D=11:+0.00/44c D=12:+0.00/48c D=13:+0.00/52c D=14:+0.00/56c D=15:+0.00/61c D=16:+0.00/66c D=17:+0.00/71c D=18:+0.00/76c D=19:+0.00/81c D=20:+0.00/86c D=21:+0.00/91c D=22:+0.00/96c D=23:+0.00/101c D=24:+0.00/106c D=32:+0.00/146c D=40:+0.00/190c D=48:+0.00/264c D=56:+0.00/310c D=64:+0.00/353c D=80:+0.00/442c D=96:+0.00/530c D=128:+0.01/706c
  random_sites: D=1:+0.00/3c D=2:-0.00/14c D=3:-0.01/23c D=4:-0.01/32c D=5:-0.01/44c D=6:-0.01/58c D=7:-0.02/70c D=8:-0.02/82c D=9:-0.01/93c D=10:-0.02/105c D=11:-0.01/117c D=12:-0.03/128c D=13:-0.04/139c D=14:-0.04/149c D=15:-0.04/161c D=16:-0.05/172c D=17:-0.04/185c D=18:+0.46/209c D=19:+0.95/236c D=20:+1.44/262c D=21:+1.94/289c D=22:+2.44/317c D=23:+2.95/344c D=24:+3.48/374c D=32:+7.77/591c D=40:+12.03/776c D=48:+16.29/961c D=56:+20.53/1144c D=64:+24.72/1325c D=80:+33.24/1692c D=96:+41.63/2057c D=128:+58.51/2787c

== 4.7 misprediction penalty: slope of cycles per iteration against mispredictions per iteration
  0 dependent multiplies before the branch: penalty 14.81 cycles per misprediction [14.74, 14.86], 1.95 cycles/iteration without mispredictions (180 points)
  4 dependent multiplies before the branch: penalty 23.50 cycles per misprediction [23.46, 23.53], 11.95 cycles/iteration without mispredictions (180 points)
  8 dependent multiplies before the branch: penalty 32.96 cycles per misprediction [32.83, 33.06], 23.87 cycles/iteration without mispredictions (180 points)
branch: 14670 reps, 0 flagged invalid; data in results/2026-09-19
